// Jest Snapshot v1, https://goo.gl/fbAQLP

exports[`FileNode renders correctly 1`] = `
<div
  className="sidebar__file-item"
>
  <div
    className="file-item__content"
    onContextMenu={[Function]}
  >
    <span
      className="file-item__spacer"
    />
    <span
      className="sidebar__file-item-icon"
    >
      <span
        className="isvg loading"
      />
    </span>
    <button
      className="sidebar__file-item-name"
      onClick={[Function]}
    >
      test.js
    </button>
    <input
      className="sidebar__file-item-input"
      onBlur={[Function]}
      onChange={[Function]}
      onKeyPress={[Function]}
      type="text"
      value="test.js"
    />
    <button
      aria-label="view file options"
      className="sidebar__file-item-show-options"
      onBlur={[Function]}
      onClick={[Function]}
      tabIndex="0"
    >
      <span
        className="isvg loading"
      />
    </button>
    <div
      className="sidebar__file-item-options"
    >
      <ul
        title="file options"
      >
        <li>
          <button
            className="sidebar__file-item-option"
            onClick={[Function]}
          >
            Rename
          </button>
        </li>
        <li>
          <button
            className="sidebar__file-item-option"
            onClick={[Function]}
          >
            Delete
          </button>
        </li>
      </ul>
    </div>
  </div>
  <ul
    className="file-item__children"
  />
</div>
`;
