// Jest Snapshot v1, https://goo.gl/fbAQLP

exports[`<Sketchlist /> snapshot testing 1`] = `
<DocumentFragment>
  .c0 > button {
  width: 2.0833333333333335rem;
  height: 2.0833333333333335rem;
  padding: 0;
}

.c0 > button svg {
  max-width: 100%;
  max-height: 100%;
}

.c0 > button polygon,
.c0 > button path {
  fill: #666;
}

.c0 ul {
  top: 63%;
  right: calc(100% - 26px);
}

<article
    class="sketches-table-container"
  >
    <table
      class="sketches-table"
      summary="table containing all saved projects"
    >
      <thead>
        <tr>
          <th
            scope="col"
          >
            <button
              aria-label="Sort by Sketch descending."
              class="sketch-list__sort-button"
            >
              <span
                class="sketches-table__header"
              >
                Sketch
              </span>
            </button>
          </th>
          <th
            scope="col"
          >
            <button
              aria-label="Sort by Date Created ascending."
              class="sketch-list__sort-button"
            >
              <span
                class="sketches-table__header sketches-table__header--selected"
              >
                Date Created
              </span>
              <test-file-stub
                aria-label="Descending"
                focusable="false"
                role="img"
              />
            </button>
          </th>
          <th
            scope="col"
          >
            <button
              aria-label="Sort by Date Updated descending."
              class="sketch-list__sort-button"
            >
              <span
                class="sketches-table__header"
              >
                Date Updated
              </span>
            </button>
          </th>
          <th
            scope="col"
          />
        </tr>
      </thead>
      <tbody>
        <tr
          class="sketches-table__row"
        >
          <th
            scope="row"
          >
            <a
              href="/happydog/sketches/testid1"
            >
              testsketch1
            </a>
          </th>
          <td>
            Feb 26, 2021, 4:58:14 AM
          </td>
          <td>
            Feb 26, 2021, 4:58:29 AM
          </td>
          <td
            class="sketch-list__dropdown-column"
          >
            <div
              aria-haspopup="menu"
              class="c0"
            >
              <button
                aria-label="Toggle Open/Close Sketch Options"
                tabindex="0"
              >
                <test-file-stub
                  aria-hidden="true"
                  focusable="false"
                />
              </button>
            </div>
          </td>
        </tr>
        <tr
          class="sketches-table__row"
        >
          <th
            scope="row"
          >
            <a
              href="/happydog/sketches/testid2"
            >
              testsketch2
            </a>
          </th>
          <td>
            Feb 23, 2021, 5:40:43 PM
          </td>
          <td>
            Feb 23, 2021, 5:40:43 PM
          </td>
          <td
            class="sketch-list__dropdown-column"
          >
            <div
              aria-haspopup="menu"
              class="c0"
            >
              <button
                aria-label="Toggle Open/Close Sketch Options"
                tabindex="0"
              >
                <test-file-stub
                  aria-hidden="true"
                  focusable="false"
                />
              </button>
            </div>
          </td>
        </tr>
      </tbody>
    </table>
  </article>
</DocumentFragment>
`;
