// Jest Snapshot v1, https://goo.gl/fbAQLP

exports[`<Sketchlist /> snapshot testing 1`] = `
<DocumentFragment>
  .c3 > button {
  width: 2.0833333333333335rem;
  height: 2.0833333333333335rem;
  padding: 0;
}

.c3 > button svg {
  max-width: 100%;
  max-height: 100%;
}

.c3 > button polygon,
.c3 > button path {
  fill: #666;
}

.c3 ul {
  top: 63%;
  right: calc(100% - 26px);
}

.c1 {
  border-bottom: 2px dashed transparent;
  padding: 0.25rem 0;
  color: #666;
}

.c2 {
  border-bottom: 2px dashed transparent;
  padding: 0.25rem 0;
  color: #666;
  border-color: #ed225d;
}

.c0 {
  height: 2.6666666666666665rem;
  position: -webkit-sticky;
  position: sticky;
  top: 0;
  z-index: 1;
  background-color: #FBFBFB;
  font-weight: normal;
}

.c0:nth-child(1) {
  padding-left: 1rem;
}

.c0 button {
  display: -webkit-box;
  display: -webkit-flex;
  display: -ms-flexbox;
  display: flex;
  -webkit-align-items: center;
  -webkit-box-align: center;
  -ms-flex-align: center;
  align-items: center;
  height: 2.9166666666666665rem;
}

.c0 button svg {
  margin-left: 0.6666666666666666rem;
  fill: #666;
}

<article
    class="sketches-table-container"
  >
    <table
      class="sketches-table"
      summary="table containing all saved projects"
    >
      <thead>
        <tr>
          <th
            class="c0"
            scope="col"
          >
            <button
              aria-label="Sort by Sketch ascending."
              aria-pressed="false"
            >
              <span
                class="c1"
              >
                Sketch
              </span>
            </button>
          </th>
          <th
            aria-sort="descending"
            class="c0"
            scope="col"
          >
            <button
              aria-label="Sort by Date Created ascending."
              aria-pressed="true"
            >
              <span
                class="c2"
              >
                Date Created
              </span>
              <test-file-stub
                aria-label="Descending"
                classname="sc-kEqXSa ggxouL"
                focusable="false"
                role="img"
              />
            </button>
          </th>
          <th
            class="c0"
            scope="col"
          >
            <button
              aria-label="Sort by Date Updated descending."
              aria-pressed="false"
            >
              <span
                class="c1"
              >
                Date Updated
              </span>
            </button>
          </th>
          <th
            class="c0"
            scope="col"
          />
        </tr>
      </thead>
      <tbody>
        <tr
          class="sketches-table__row"
        >
          <th
            scope="row"
          >
            <a
              href="/happydog/sketches/testid1"
            >
              testsketch1
            </a>
          </th>
          <td>
            Feb 26, 2021, 4:58:14 AM
          </td>
          <td>
            Feb 26, 2021, 4:58:29 AM
          </td>
          <td
            class="sketch-list__dropdown-column"
          >
            <div
              class="c3"
            >
              <button
                aria-label="Toggle Open/Close Sketch Options"
                tabindex="0"
              >
                <test-file-stub
                  aria-hidden="true"
                  focusable="false"
                />
              </button>
            </div>
          </td>
        </tr>
        <tr
          class="sketches-table__row"
        >
          <th
            scope="row"
          >
            <a
              href="/happydog/sketches/testid2"
            >
              testsketch2
            </a>
          </th>
          <td>
            Feb 23, 2021, 5:40:43 PM
          </td>
          <td>
            Feb 23, 2021, 5:40:43 PM
          </td>
          <td
            class="sketch-list__dropdown-column"
          >
            <div
              class="c3"
            >
              <button
                aria-label="Toggle Open/Close Sketch Options"
                tabindex="0"
              >
                <test-file-stub
                  aria-hidden="true"
                  focusable="false"
                />
              </button>
            </div>
          </td>
        </tr>
      </tbody>
    </table>
  </article>
</DocumentFragment>
`;
