// Jest Snapshot v1, https://goo.gl/fbAQLP

exports[`<Sketchlist /> snapshot testing 1`] = `
<DocumentFragment>
  <article
    class="sketches-table-container"
  >
    <table
      class="sketches-table"
      summary="table containing all saved projects"
    >
      <thead>
        <tr>
          <th
            class="sc-bkbkJK VqWDQ"
            scope="col"
          >
            <button
              aria-label="Sort by Sketch ascending."
              aria-pressed="false"
            >
              <span
                class="sc-fFSPTT bGvjwU"
              >
                Sketch
              </span>
            </button>
          </th>
          <th
            aria-sort="descending"
            class="sc-bkbkJK VqWDQ"
            scope="col"
          >
            <button
              aria-label="Sort by Date Created ascending."
              aria-pressed="true"
            >
              <span
                class="sc-fFSPTT cMkNYR"
              >
                Date Created
              </span>
              <test-file-stub
                aria-label="Descending"
                classname="sc-dlnjwi iorFNw"
                focusable="false"
                role="img"
              />
            </button>
          </th>
          <th
            class="sc-bkbkJK VqWDQ"
            scope="col"
          >
            <button
              aria-label="Sort by Date Updated descending."
              aria-pressed="false"
            >
              <span
                class="sc-fFSPTT bGvjwU"
              >
                Date Updated
              </span>
            </button>
          </th>
          <th
            class="sc-bkbkJK VqWDQ"
            scope="col"
          />
        </tr>
      </thead>
      <tbody>
        <tr
          class="sketches-table__row"
        >
          <th
            scope="row"
          >
            <a
              href="/happydog/sketches/testid1"
            >
              testsketch1
            </a>
          </th>
          <td>
            Feb 26, 2021, 4:58:14 AM
          </td>
          <td>
            Feb 26, 2021, 4:58:29 AM
          </td>
          <td
            class="sketch-list__dropdown-column"
          >
            <div
              class="sc-jSFjdj leDKmY"
            >
              <button
                aria-label="Toggle Open/Close Sketch Options"
                tabindex="0"
              >
                <test-file-stub
                  aria-hidden="true"
                  focusable="false"
                />
              </button>
            </div>
          </td>
        </tr>
        <tr
          class="sketches-table__row"
        >
          <th
            scope="row"
          >
            <a
              href="/happydog/sketches/testid2"
            >
              testsketch2
            </a>
          </th>
          <td>
            Feb 23, 2021, 5:40:43 PM
          </td>
          <td>
            Feb 23, 2021, 5:40:43 PM
          </td>
          <td
            class="sketch-list__dropdown-column"
          >
            <div
              class="sc-jSFjdj leDKmY"
            >
              <button
                aria-label="Toggle Open/Close Sketch Options"
                tabindex="0"
              >
                <test-file-stub
                  aria-hidden="true"
                  focusable="false"
                />
              </button>
            </div>
          </td>
        </tr>
      </tbody>
    </table>
  </article>
</DocumentFragment>
`;
